// Jest Snapshot v1, https://goo.gl/fbAQLP

exports[`test button Matches the snapshot 1`] = `
<button
  className="button button--default undefined undefined"
/>
`;
